
> epickart@0.0.0 build
> vite build

[36mvite v8.0.2 [32mbuilding client environment for production...[36m[39m
[2Ktransforming...✓ 1750 modules transformed.
rendering chunks...
computing gzip size...
dist/index.html                             9.26 kB │ gzip:  2.29 kB
dist/assets/index-CQ5KKHJV.css             23.33 kB │ gzip:  4.93 kB
dist/assets/rolldown-runtime-DF2fYuay.js    0.55 kB │ gzip:  0.35 kB
dist/assets/icons-Cq_Ib9E3.js              13.37 kB │ gzip:  5.47 kB
dist/assets/index-CJWEAnM4.js              61.61 kB │ gzip: 16.06 kB
dist/assets/vendor-BxHZqy74.js            222.25 kB │ gzip: 71.03 kB

[32m✓ built in 429ms[39m
